// Jest Snapshot v1, https://goo.gl/fbAQLP

exports[`assign_non_identifier.eel 1`] = `"Expected the first argument of \`assign()\` to be an identifier."`;

exports[`assign_non_identifier.eel 2`] = `
"
> 1 | assign(10 - 2, 10);
    |        ^^^^^^"
`;

exports[`assign_to_buffer_too_many_args.eel 1`] = `"Expected 1 argument when assinging to a buffer but got 2."`;

exports[`assign_to_buffer_too_many_args.eel 2`] = `
"
> 1 | megabuf(2, 3) = 10;
    |            ^"
`;

exports[`assign_to_non_buff_function_call.eel 1`] = `"The only function calls which may be assigned to are \`gmegabuf()\` and \`megabuf()\`."`;

exports[`assign_to_non_buff_function_call.eel 2`] = `
"
> 1 | abs(10) = 10;
    | ^^^"
`;

exports[`parse_error.eel 1`] = `"Parse Error: Expecting 'EOF', got ')'"`;

exports[`parse_error.eel 2`] = `
"
  2 | z = sqr(y, 10);
> 3 | x = assign);
    |     ^^^^^^
  4 | y = 100;
"
`;

exports[`too_few_arguments.eel 1`] = `"Too few arguments passed to \`pow()\`. Expected 2 but only got 1."`;

exports[`too_few_arguments.eel 2`] = `
"
> 1 | x = pow(1);
    |     ^^^^^^"
`;

exports[`too_many_arguments.eel 1`] = `"Too many arguments passed to \`pow()\`. Expected 2 but got 3."`;

exports[`too_many_arguments.eel 2`] = `
"
> 1 | x = pow(1, 2, 3);
    |               ^"
`;

exports[`undefined_function.eel 1`] = `"\\"noexist\\" is not defined."`;

exports[`undefined_function.eel 2`] = `
"
> 1 | x = noexist();
    |     ^^^^^^^"
`;

exports[`undefined_function_multiline.eel 1`] = `"\\"noexist\\" is not defined."`;

exports[`undefined_function_multiline.eel 2`] = `
"
  2 | z = sqr(y);
> 3 | x = noexist();
    |     ^^^^^^^
  4 | y = 100;
"
`;

exports[`undefined_function_with_comments.eel 1`] = `"\\"noexist\\" is not defined."`;

exports[`undefined_function_with_comments.eel 2`] = `
"
  3 | // Comment line three
> 4 | x = noexist();
    |     ^^^^^^^"
`;
